<?xml version="1.0" encoding="UTF-8"?>
<TestRun id="9a244ee7-2653-496b-a267-e1eb69420329" name="bitmask@X220V2 2012-05-05 05:36:29" runUser="X220V2\bitmask" xmlns="http://microsoft.com/schemas/VisualStudio/TeamTest/2010">
  <TestSettings name="Local" id="c15e138b-f10e-4eef-8c8f-eebfb7a96e5f">
    <Description>These are default test settings for a local test run.</Description>
    <Deployment enabled="false" runDeploymentRoot="bitmask_X220V2 2012-05-05 05_36_29">
      <DeploymentItem filename="C:\dev\github\classes\linq\labs\LINQ_BeyondQueries\after\Functional\Functional\bin\Debug\Functional.dll" />
    </Deployment>
    <Execution>
      <TestTypeSpecific />
      <AgentRule name="Execution Agents">
      </AgentRule>
    </Execution>
  </TestSettings>
  <Times creation="2012-05-05T05:36:29.1441619-04:00" queuing="2012-05-05T05:36:29.3761752-04:00" start="2012-05-05T05:36:29.4191777-04:00" finish="2012-05-05T05:36:30.2102229-04:00" />
  <ResultSummary outcome="Completed">
    <Counters total="5" executed="5" passed="5" error="0" failed="0" timeout="0" aborted="0" inconclusive="0" passedButRunAborted="0" notRunnable="0" notExecuted="0" disconnected="0" warning="0" completed="0" inProgress="0" pending="0" />
  </ResultSummary>
  <TestDefinitions>
    <UnitTest name="Default_release_date_is_current_date" storage="c:\dev\github\classes\linq\labs\linq_beyondqueries\after\functional\functional.tests\bin\debug\functional.tests.dll" id="428905dd-2bfb-bd7d-9ba0-50a015c6206b">
      <Execution id="c4e35aba-517d-4943-9fcb-d3162b18ec3f" />
      <TestMethod codeBase="C:/dev/github/classes/linq/labs/LINQ_BeyondQueries/after/Functional/Functional.Tests/bin/Debug/Functional.Tests.DLL" adapterTypeName="Microsoft.VisualStudio.TestTools.TestTypes.Unit.UnitTestAdapter, Microsoft.VisualStudio.QualityTools.Tips.UnitTest.Adapter, Version=10.0.0.0, Culture=neutral, PublicKeyToken=b03f5f7f11d50a3a" className="Functional.Tests.MovieConstructionTests, Functional.Tests, Version=1.0.0.0, Culture=neutral, PublicKeyToken=null" name="Default_release_date_is_current_date" />
    </UnitTest>
    <UnitTest name="MovieWithTooShortDurationIsAnError" storage="c:\dev\github\classes\linq\labs\linq_beyondqueries\after\functional\functional.tests\bin\debug\functional.tests.dll" id="afb65ac4-58eb-7491-b087-dca01782f159">
      <Execution id="5cf3fdda-87b3-4306-9649-5e47f8a363f6" />
      <TestMethod codeBase="C:/dev/github/classes/linq/labs/LINQ_BeyondQueries/after/Functional/Functional.Tests/bin/Debug/Functional.Tests.DLL" adapterTypeName="Microsoft.VisualStudio.TestTools.TestTypes.Unit.UnitTestAdapter, Microsoft.VisualStudio.QualityTools.Tips.UnitTest.Adapter, Version=10.0.0.0, Culture=neutral, PublicKeyToken=b03f5f7f11d50a3a" className="Functional.Tests.MovieValidationTests, Functional.Tests, Version=1.0.0.0, Culture=neutral, PublicKeyToken=null" name="MovieWithTooShortDurationIsAnError" />
    </UnitTest>
    <UnitTest name="MovieWithBadReleaseDateIsError" storage="c:\dev\github\classes\linq\labs\linq_beyondqueries\after\functional\functional.tests\bin\debug\functional.tests.dll" id="9877f76a-be6b-91b1-4ebb-211e472afa4e">
      <Execution id="cbc6a58f-4c46-4188-987f-58c525ede020" />
      <TestMethod codeBase="C:/dev/github/classes/linq/labs/LINQ_BeyondQueries/after/Functional/Functional.Tests/bin/Debug/Functional.Tests.DLL" adapterTypeName="Microsoft.VisualStudio.TestTools.TestTypes.Unit.UnitTestAdapter, Microsoft.VisualStudio.QualityTools.Tips.UnitTest.Adapter, Version=10.0.0.0, Culture=neutral, PublicKeyToken=b03f5f7f11d50a3a" className="Functional.Tests.MovieValidationTests, Functional.Tests, Version=1.0.0.0, Culture=neutral, PublicKeyToken=null" name="MovieWithBadReleaseDateIsError" />
    </UnitTest>
    <UnitTest name="MovieWithNoTitleIsAnError" storage="c:\dev\github\classes\linq\labs\linq_beyondqueries\after\functional\functional.tests\bin\debug\functional.tests.dll" id="c859baf6-7afc-4dc3-789b-e0f422fe51c3">
      <Execution id="486a783c-c03b-4e06-8478-6667d2b3c9f3" />
      <TestMethod codeBase="C:/dev/github/classes/linq/labs/LINQ_BeyondQueries/after/Functional/Functional.Tests/bin/Debug/Functional.Tests.DLL" adapterTypeName="Microsoft.VisualStudio.TestTools.TestTypes.Unit.UnitTestAdapter, Microsoft.VisualStudio.QualityTools.Tips.UnitTest.Adapter, Version=10.0.0.0, Culture=neutral, PublicKeyToken=b03f5f7f11d50a3a" className="Functional.Tests.MovieValidationTests, Functional.Tests, Version=1.0.0.0, Culture=neutral, PublicKeyToken=null" name="MovieWithNoTitleIsAnError" />
    </UnitTest>
    <UnitTest name="Stepping_Returns_True" storage="c:\dev\github\classes\linq\labs\linq_beyondqueries\after\functional\functional.tests\bin\debug\functional.tests.dll" id="9ce8ba6b-5995-a2f1-4722-6a3746174b02">
      <Execution id="e9e8910f-ecaa-4359-8f3b-b11eac67a34c" />
      <TestMethod codeBase="C:/dev/github/classes/linq/labs/LINQ_BeyondQueries/after/Functional/Functional.Tests/bin/Debug/Functional.Tests.DLL" adapterTypeName="Microsoft.VisualStudio.TestTools.TestTypes.Unit.UnitTestAdapter, Microsoft.VisualStudio.QualityTools.Tips.UnitTest.Adapter, Version=10.0.0.0, Culture=neutral, PublicKeyToken=b03f5f7f11d50a3a" className="Functional.Tests.StepperTests, Functional.Tests, Version=1.0.0.0, Culture=neutral, PublicKeyToken=null" name="Stepping_Returns_True" />
    </UnitTest>
  </TestDefinitions>
  <TestLists>
    <TestList name="Results Not in a List" id="8c84fa94-04c1-424b-9868-57a2d4851a1d" />
    <TestList name="All Loaded Results" id="19431567-8539-422a-85d7-44ee4e166bda" />
  </TestLists>
  <TestEntries>
    <TestEntry testId="428905dd-2bfb-bd7d-9ba0-50a015c6206b" executionId="c4e35aba-517d-4943-9fcb-d3162b18ec3f" testListId="8c84fa94-04c1-424b-9868-57a2d4851a1d" />
    <TestEntry testId="9877f76a-be6b-91b1-4ebb-211e472afa4e" executionId="cbc6a58f-4c46-4188-987f-58c525ede020" testListId="8c84fa94-04c1-424b-9868-57a2d4851a1d" />
    <TestEntry testId="9ce8ba6b-5995-a2f1-4722-6a3746174b02" executionId="e9e8910f-ecaa-4359-8f3b-b11eac67a34c" testListId="8c84fa94-04c1-424b-9868-57a2d4851a1d" />
    <TestEntry testId="afb65ac4-58eb-7491-b087-dca01782f159" executionId="5cf3fdda-87b3-4306-9649-5e47f8a363f6" testListId="8c84fa94-04c1-424b-9868-57a2d4851a1d" />
    <TestEntry testId="c859baf6-7afc-4dc3-789b-e0f422fe51c3" executionId="486a783c-c03b-4e06-8478-6667d2b3c9f3" testListId="8c84fa94-04c1-424b-9868-57a2d4851a1d" />
  </TestEntries>
  <Results>
    <UnitTestResult executionId="c4e35aba-517d-4943-9fcb-d3162b18ec3f" testId="428905dd-2bfb-bd7d-9ba0-50a015c6206b" testName="Default_release_date_is_current_date" computerName="X220V2" duration="00:00:00.0461577" startTime="2012-05-05T05:36:29.4251780-04:00" endTime="2012-05-05T05:36:30.1002166-04:00" testType="13cdc9d9-ddb5-4fa4-a97d-d965ccfc6d4b" outcome="Passed" testListId="8c84fa94-04c1-424b-9868-57a2d4851a1d" relativeResultsDirectory="c4e35aba-517d-4943-9fcb-d3162b18ec3f">
    </UnitTestResult>
    <UnitTestResult executionId="cbc6a58f-4c46-4188-987f-58c525ede020" testId="9877f76a-be6b-91b1-4ebb-211e472afa4e" testName="MovieWithBadReleaseDateIsError" computerName="X220V2" duration="00:00:00.0109446" startTime="2012-05-05T05:36:30.1022167-04:00" endTime="2012-05-05T05:36:30.1212178-04:00" testType="13cdc9d9-ddb5-4fa4-a97d-d965ccfc6d4b" outcome="Passed" testListId="8c84fa94-04c1-424b-9868-57a2d4851a1d" relativeResultsDirectory="cbc6a58f-4c46-4188-987f-58c525ede020">
    </UnitTestResult>
    <UnitTestResult executionId="e9e8910f-ecaa-4359-8f3b-b11eac67a34c" testId="9ce8ba6b-5995-a2f1-4722-6a3746174b02" testName="Stepping_Returns_True" computerName="X220V2" duration="00:00:00.0045851" startTime="2012-05-05T05:36:30.1252181-04:00" endTime="2012-05-05T05:36:30.1382188-04:00" testType="13cdc9d9-ddb5-4fa4-a97d-d965ccfc6d4b" outcome="Passed" testListId="8c84fa94-04c1-424b-9868-57a2d4851a1d" relativeResultsDirectory="e9e8910f-ecaa-4359-8f3b-b11eac67a34c">
    </UnitTestResult>
    <UnitTestResult executionId="5cf3fdda-87b3-4306-9649-5e47f8a363f6" testId="afb65ac4-58eb-7491-b087-dca01782f159" testName="MovieWithTooShortDurationIsAnError" computerName="X220V2" duration="00:00:00.0009738" startTime="2012-05-05T05:36:30.1422190-04:00" endTime="2012-05-05T05:36:30.1512195-04:00" testType="13cdc9d9-ddb5-4fa4-a97d-d965ccfc6d4b" outcome="Passed" testListId="8c84fa94-04c1-424b-9868-57a2d4851a1d" relativeResultsDirectory="5cf3fdda-87b3-4306-9649-5e47f8a363f6">
    </UnitTestResult>
    <UnitTestResult executionId="486a783c-c03b-4e06-8478-6667d2b3c9f3" testId="c859baf6-7afc-4dc3-789b-e0f422fe51c3" testName="MovieWithNoTitleIsAnError" computerName="X220V2" duration="00:00:00.0011830" startTime="2012-05-05T05:36:30.1542197-04:00" endTime="2012-05-05T05:36:30.1662204-04:00" testType="13cdc9d9-ddb5-4fa4-a97d-d965ccfc6d4b" outcome="Passed" testListId="8c84fa94-04c1-424b-9868-57a2d4851a1d" relativeResultsDirectory="486a783c-c03b-4e06-8478-6667d2b3c9f3">
    </UnitTestResult>
  </Results>
</TestRun>